2026-09-28 19:07:16,360 WARNING davey is not installed, voice will NOT be supported
2026-09-28 19:07:16,366 INFO logging in using static token
2026-09-28 19:07:19,197 INFO Shard ID None has connected to Gateway (Session ID: 894b28bd0031c8aedeed2e219b5a8c3d).
2026-09-28 19:07:46,077 INFO прочёс участников Test: было 1, стало 6 (member_count=6)
2026-09-28 19:08:08,219 INFO прочёс участников Дай мэнэ бутерброд с маслом: было 6, стало 50 (member_count=50)
2026-09-28 19:18:54,294 INFO HTTP Request: POST https://tokify.sale/v1/chat/completions "HTTP/1.1 200 OK"
2026-09-28 19:20:32,222 INFO не смог показать «печатает» (сеть до Discord?) — продолжаю без индикатора
2026-09-28 19:22:11,405 ERROR Сбой проактивного ответа
Traceback (most recent call last):
  File "C:\Users\Murad\AppData\Local\Programs\Python\Python310\lib\site-packages\aiohttp\connector.py", line 1313, in _wrap_create_connection
    return await self._loop.create_connection(*args, **kwargs, sock=sock)
  File "C:\Users\Murad\AppData\Local\Programs\Python\Python310\lib\asyncio\base_events.py", line 1080, in create_connection
    transport, protocol = await self._create_connection_transport(
  File "C:\Users\Murad\AppData\Local\Programs\Python\Python310\lib\asyncio\base_events.py", line 1110, in _create_connection_transport
    await waiter
  File "C:\Users\Murad\AppData\Local\Programs\Python\Python310\lib\asyncio\proactor_events.py", line 282, in _loop_reading
    length = fut.result()
  File "C:\Users\Murad\AppData\Local\Programs\Python\Python310\lib\asyncio\windows_events.py", line 812, in _poll
    value = callback(transferred, key, ov)
  File "C:\Users\Murad\AppData\Local\Programs\Python\Python310\lib\asyncio\windows_events.py", line 480, in finish_recv
    return ov.getresult()
OSError: [WinError 121] Превышен таймаут семафора

The above exception was the direct cause of the following exception:

Traceback (most recent call last):
  File "F:\Program Files\Downloads\dsbot\bot.py", line 1843, in on_message
    await send_reply(message.channel, reply, gifs_cache)
  File "F:\Program Files\Downloads\dsbot\bot.py", line 1382, in send_reply
    await channel.send(reply, reference=reply_to, mention_author=False)
  File "C:\Users\Murad\AppData\Local\Programs\Python\Python310\lib\site-packages\discord\abc.py", line 1706, in send
    data = await state.http.send_message(channel.id, params=params)
  File "C:\Users\Murad\AppData\Local\Programs\Python\Python310\lib\site-packages\discord\http.py", line 659, in request
    async with self.__session.request(method, url, **kwargs) as response:
  File "C:\Users\Murad\AppData\Local\Programs\Python\Python310\lib\site-packages\aiohttp\client.py", line 1510, in __aenter__
    self._resp: _RetType = await self._coro
  File "C:\Users\Murad\AppData\Local\Programs\Python\Python310\lib\site-packages\aiohttp\client.py", line 779, in _request
    resp = await handler(req)
  File "C:\Users\Murad\AppData\Local\Programs\Python\Python310\lib\site-packages\aiohttp\client.py", line 734, in _connect_and_send_request
    conn = await self._connector.connect(
  File "C:\Users\Murad\AppData\Local\Programs\Python\Python310\lib\site-packages\aiohttp\connector.py", line 672, in connect
    proto = await self._create_connection(req, traces, timeout)
  File "C:\Users\Murad\AppData\Local\Programs\Python\Python310\lib\site-packages\aiohttp\connector.py", line 1239, in _create_connection
    _, proto = await self._create_direct_connection(req, traces, timeout)
  File "C:\Users\Murad\AppData\Local\Programs\Python\Python310\lib\site-packages\aiohttp\connector.py", line 1611, in _create_direct_connection
    raise last_exc
  File "C:\Users\Murad\AppData\Local\Programs\Python\Python310\lib\site-packages\aiohttp\connector.py", line 1580, in _create_direct_connection
    transp, proto = await self._wrap_create_connection(
  File "C:\Users\Murad\AppData\Local\Programs\Python\Python310\lib\site-packages\aiohttp\connector.py", line 1321, in _wrap_create_connection
    raise client_error(req.connection_key, exc) from exc
aiohttp.client_exceptions.ClientConnectorError: Cannot connect to host discord.com:443 ssl:default [Превышен таймаут семафора]
2026-09-28 19:23:30,429 INFO прочёс участников Test: было 6, стало 6 (member_count=6)
2026-09-28 19:23:52,341 INFO прочёс участников Дай мэнэ бутерброд с маслом: было 50, стало 50 (member_count=50)
2026-09-28 19:26:38,751 ERROR Attempting a reconnect in 1.29s
Traceback (most recent call last):
  File "C:\Users\Murad\AppData\Local\Programs\Python\Python310\lib\site-packages\discord\gateway.py", line 392, in from_client
    socket = await client.http.ws_connect(str(url))
  File "C:\Users\Murad\AppData\Local\Programs\Python\Python310\lib\site-packages\discord\http.py", line 571, in ws_connect
    return await self.__session.ws_connect(url, **kwargs)
  File "C:\Users\Murad\AppData\Local\Programs\Python\Python310\lib\site-packages\aiohttp\client.py", line 1076, in _ws_connect
    resp = await self.request(
  File "C:\Users\Murad\AppData\Local\Programs\Python\Python310\lib\site-packages\aiohttp\client.py", line 779, in _request
    resp = await handler(req)
  File "C:\Users\Murad\AppData\Local\Programs\Python\Python310\lib\site-packages\aiohttp\client.py", line 734, in _connect_and_send_request
    conn = await self._connector.connect(
  File "C:\Users\Murad\AppData\Local\Programs\Python\Python310\lib\site-packages\aiohttp\connector.py", line 672, in connect
    proto = await self._create_connection(req, traces, timeout)
  File "C:\Users\Murad\AppData\Local\Programs\Python\Python310\lib\site-packages\aiohttp\connector.py", line 1239, in _create_connection
    _, proto = await self._create_direct_connection(req, traces, timeout)
  File "C:\Users\Murad\AppData\Local\Programs\Python\Python310\lib\site-packages\aiohttp\connector.py", line 1580, in _create_direct_connection
    transp, proto = await self._wrap_create_connection(
  File "C:\Users\Murad\AppData\Local\Programs\Python\Python310\lib\site-packages\aiohttp\connector.py", line 1313, in _wrap_create_connection
    return await self._loop.create_connection(*args, **kwargs, sock=sock)
  File "C:\Users\Murad\AppData\Local\Programs\Python\Python310\lib\asyncio\base_events.py", line 1080, in create_connection
    transport, protocol = await self._create_connection_transport(
  File "C:\Users\Murad\AppData\Local\Programs\Python\Python310\lib\asyncio\base_events.py", line 1110, in _create_connection_transport
    await waiter
asyncio.exceptions.CancelledError

During handling of the above exception, another exception occurred:

Traceback (most recent call last):
  File "C:\Users\Murad\AppData\Local\Programs\Python\Python310\lib\asyncio\tasks.py", line 458, in wait_for
    fut.result()
asyncio.exceptions.CancelledError

The above exception was the direct cause of the following exception:

Traceback (most recent call last):
  File "C:\Users\Murad\AppData\Local\Programs\Python\Python310\lib\site-packages\discord\client.py", line 728, in connect
    self.ws = await asyncio.wait_for(coro, timeout=60.0)
  File "C:\Users\Murad\AppData\Local\Programs\Python\Python310\lib\asyncio\tasks.py", line 460, in wait_for
    raise exceptions.TimeoutError() from exc
asyncio.exceptions.TimeoutError
2026-09-28 19:27:00,081 INFO Shard ID None has successfully RESUMED session 894b28bd0031c8aedeed2e219b5a8c3d.
2026-09-28 19:39:14,411 INFO прочёс участников Test: было 6, стало 6 (member_count=6)
2026-09-28 19:39:36,714 INFO прочёс участников Дай мэнэ бутерброд с маслом: было 50, стало 50 (member_count=50)
2026-09-28 19:54:58,706 INFO прочёс участников Test: было 6, стало 6 (member_count=6)
2026-09-28 19:55:20,697 INFO прочёс участников Дай мэнэ бутерброд с маслом: было 49, стало 50 (member_count=50)
2026-09-28 20:10:42,689 INFO прочёс участников Test: было 6, стало 6 (member_count=6)
2026-09-28 20:11:04,712 INFO прочёс участников Дай мэнэ бутерброд с маслом: было 50, стало 50 (member_count=50)
2026-09-28 20:16:15,156 INFO не смог показать «печатает» (сеть до Discord?) — продолжаю без индикатора
2026-09-28 20:16:18,526 INFO HTTP Request: POST https://tokify.sale/v1/chat/completions "HTTP/1.1 200 OK"
2026-09-28 20:16:18,528 INFO channel=1546880586977648752 | tag | from=borisbrat | in='дарова' | imgs=0 | out='дарова, батя\n\nчё как сам, с повесткой чё там слышно?'
2026-09-28 20:17:56,757 ERROR Ignoring exception in on_message
Traceback (most recent call last):
  File "C:\Users\Murad\AppData\Local\Programs\Python\Python310\lib\site-packages\aiohttp\connector.py", line 1298, in _wrap_create_connection
    sock = await aiohappyeyeballs.start_connection(
  File "C:\Users\Murad\AppData\Local\Programs\Python\Python310\lib\site-packages\aiohappyeyeballs\impl.py", line 122, in start_connection
    raise first_exception
  File "C:\Users\Murad\AppData\Local\Programs\Python\Python310\lib\site-packages\aiohappyeyeballs\impl.py", line 73, in start_connection
    sock = await _connect_sock(
  File "C:\Users\Murad\AppData\Local\Programs\Python\Python310\lib\site-packages\aiohappyeyeballs\impl.py", line 208, in _connect_sock
    await loop.sock_connect(sock, address)
  File "C:\Users\Murad\AppData\Local\Programs\Python\Python310\lib\asyncio\proactor_events.py", line 704, in sock_connect
    return await self._proactor.connect(sock, address)
  File "C:\Users\Murad\AppData\Local\Programs\Python\Python310\lib\asyncio\windows_events.py", line 812, in _poll
    value = callback(transferred, key, ov)
  File "C:\Users\Murad\AppData\Local\Programs\Python\Python310\lib\asyncio\windows_events.py", line 599, in finish_connect
    ov.getresult()
OSError: [WinError 121] Превышен таймаут семафора

The above exception was the direct cause of the following exception:

Traceback (most recent call last):
  File "C:\Users\Murad\AppData\Local\Programs\Python\Python310\lib\site-packages\discord\client.py", line 508, in _run_event
    await coro(*args, **kwargs)
  File "F:\Program Files\Downloads\dsbot\bot.py", line 1786, in on_message
    await _answer_tag(message)
  File "F:\Program Files\Downloads\dsbot\bot.py", line 1644, in _answer_tag
    await send_reply(message.channel, reply, gifs_cache, reply_to=message)
  File "F:\Program Files\Downloads\dsbot\bot.py", line 1382, in send_reply
    await channel.send(reply, reference=reply_to, mention_author=False)
  File "C:\Users\Murad\AppData\Local\Programs\Python\Python310\lib\site-packages\discord\abc.py", line 1706, in send
    data = await state.http.send_message(channel.id, params=params)
  File "C:\Users\Murad\AppData\Local\Programs\Python\Python310\lib\site-packages\discord\http.py", line 659, in request
    async with self.__session.request(method, url, **kwargs) as response:
  File "C:\Users\Murad\AppData\Local\Programs\Python\Python310\lib\site-packages\aiohttp\client.py", line 1510, in __aenter__
    self._resp: _RetType = await self._coro
  File "C:\Users\Murad\AppData\Local\Programs\Python\Python310\lib\site-packages\aiohttp\client.py", line 779, in _request
    resp = await handler(req)
  File "C:\Users\Murad\AppData\Local\Programs\Python\Python310\lib\site-packages\aiohttp\client.py", line 734, in _connect_and_send_request
    conn = await self._connector.connect(
  File "C:\Users\Murad\AppData\Local\Programs\Python\Python310\lib\site-packages\aiohttp\connector.py", line 672, in connect
    proto = await self._create_connection(req, traces, timeout)
  File "C:\Users\Murad\AppData\Local\Programs\Python\Python310\lib\site-packages\aiohttp\connector.py", line 1239, in _create_connection
    _, proto = await self._create_direct_connection(req, traces, timeout)
  File "C:\Users\Murad\AppData\Local\Programs\Python\Python310\lib\site-packages\aiohttp\connector.py", line 1611, in _create_direct_connection
    raise last_exc
  File "C:\Users\Murad\AppData\Local\Programs\Python\Python310\lib\site-packages\aiohttp\connector.py", line 1580, in _create_direct_connection
    transp, proto = await self._wrap_create_connection(
  File "C:\Users\Murad\AppData\Local\Programs\Python\Python310\lib\site-packages\aiohttp\connector.py", line 1321, in _wrap_create_connection
    raise client_error(req.connection_key, exc) from exc
aiohttp.client_exceptions.ClientConnectorError: Cannot connect to host discord.com:443 ssl:default [Превышен таймаут семафора]
2026-09-28 20:26:26,866 INFO прочёс участников Test: было 6, стало 6 (member_count=6)
2026-09-28 20:26:48,825 INFO прочёс участников Дай мэнэ бутерброд с маслом: было 49, стало 50 (member_count=50)
